gnucash
gnucash-common
gnucash-docs
guile-2.0
libaqbanking-data
libaqbanking35
libaqbanking35-plugins
libaqebics0
libaqhbci22
libaqofxconnect7
libbytes-random-secure-perl
libclass-singleton-perl
libcommon-sense-perl
libcrypt-random-seed-perl
libcrypt-ssleay-perl
libdate-manip-perl
libdatetime-locale-perl
libdatetime-perl
libdatetime-timezone-perl
libfinance-quote-perl
libglade2-0
libgnomecanvas2-0
libgnomecanvas2-common
libgoffice-0.8-8
libgoffice-0.8-8-common
libgsf-1-114
libgsf-1-common
libgwengui-gtk2-0
libgwenhywfar-data
libgwenhywfar60
libhtml-tableextract-perl
libjavascriptcoregtk-1.0-0
libjson-perl
libjson-xs-perl
libktoblzcheck1v5
libmath-random-isaac-perl
libmath-random-isaac-xs-perl
libmodule-implementation-perl
libofx6
libosp5
libparams-validate-perl
libtry-tiny-perl
libtypes-serialiser-perl
libwebkitgtk-1.0-0
libwebkitgtk-1.0-common
libxmlsec1
python-cairo
python-gnucash
python-gobject-2
python-gtk2
