oblong-greenhouse-gs4.5x
zoblong-greenhouse-gs4.5x-dbg
