Format: http://dep.debian.net/deps/dep5
Upstream-Name: autoconfy

Files: *
Copyright: Max Mustermann
License: MPL-2.0
 On Debian systems you can find the full text of the MPL 2.0 in 
 /usr/share/common-licenses/MPL-2.0

Files:
 m4/fred.m4
 src/fred.c
Copyright: Max Mustermann
License: LGPL
