Format: http://www.debian.org/doc/packaging-manuals/copyright-format/1.0/
Upstream-Name: footnotes

Files: *
Copyright: Alfred E. Neuman
License: MIT or Blarg
